// Vitest Snapshot v1, https://vitest.dev/guide/snapshot.html

exports[`listRepositoryFiles 1`] = `[]`;
